{
    "fasta.gz - stub": {
        "content": [
            {
                "0": [
                    [
                        {
                            "id": "test"
                        },
                        "test.tsv:md5,d41d8cd98f00b204e9800998ecf8427e"
                    ]
                ],
                "1": [
                    "versions.yml:md5,957aeae70193760b192e83610e469118"
                ],
                "triangle": [
                    [
                        {
                            "id": "test"
                        },
                        "test.tsv:md5,d41d8cd98f00b204e9800998ecf8427e"
                    ]
                ],
                "versions": [
                    "versions.yml:md5,957aeae70193760b192e83610e469118"
                ]
            }
        ],
        "meta": {
            "nf-test": "0.8.4",
            "nextflow": "23.10.1"
        },
        "timestamp": "2024-05-02T10:32:31.871789783"
    },
    "fasta.gz": {
        "content": [
            {
                "0": [
                    [
                        {
                            "id": "test"
                        },
                        "test.tsv:md5,02f07c89daeaae6b760dc88ba42f2d40"
                    ]
                ],
                "1": [
                    "versions.yml:md5,957aeae70193760b192e83610e469118"
                ],
                "triangle": [
                    [
                        {
                            "id": "test"
                        },
                        "test.tsv:md5,02f07c89daeaae6b760dc88ba42f2d40"
                    ]
                ],
                "versions": [
                    "versions.yml:md5,957aeae70193760b192e83610e469118"
                ]
            }
        ],
        "meta": {
            "nf-test": "0.8.4",
            "nextflow": "23.10.1"
        },
        "timestamp": "2024-05-02T10:32:24.638790526"
    }
}