{
    "fasta.gz": {
        "content": [
            {
                "0": [
                    [
                        {
                            "id": "test"
                        },
                        "test_ani.tsv:md5,ee66197f71cf24a9ea45a007e8b36216"
                    ]
                ],
                "1": [
                    "versions.yml:md5,3a67b197cc055b730a0f1aa4d0cd31c0",
                    "versions.yml:md5,3a67b197cc055b730a0f1aa4d0cd31c0",
                    "versions.yml:md5,6eb3d40e5dcf28a68a47eb11190e16bd"
                ],
                "blast_ani_tsv": [
                    [
                        {
                            "id": "test"
                        },
                        "test_ani.tsv:md5,ee66197f71cf24a9ea45a007e8b36216"
                    ]
                ],
                "ch_versions": [
                    "versions.yml:md5,3a67b197cc055b730a0f1aa4d0cd31c0",
                    "versions.yml:md5,3a67b197cc055b730a0f1aa4d0cd31c0",
                    "versions.yml:md5,6eb3d40e5dcf28a68a47eb11190e16bd"
                ]
            }
        ],
        "meta": {
            "nf-test": "0.8.4",
            "nextflow": "23.10.1"
        },
        "timestamp": "2024-05-02T10:19:48.024860225"
    }
}